// Jest Snapshot v1, https://goo.gl/fbAQLP

exports[`display error modal renders the error modal based on the props passed 1`] = `
<div
  aria-label="showModalOption"
  data-testid="showModalOption"
  id="showModalOption"
>
  <button
    className="euiButton euiButton--primary euiButton--small"
    disabled={false}
    onClick={[Function]}
    style={
      Object {
        "minWidth": undefined,
      }
    }
    type="button"
  >
    <span
      className="euiButtonContent euiButton__content"
    >
      <span
        className="euiButton__text"
      >
        testButtonText
      </span>
    </span>
  </button>
</div>
`;
