// Jest Snapshot v1, https://goo.gl/fbAQLP

exports[`renders spatial filter before drawing 1`] = `
<EuiFlexGroup
  alignItems="center"
  direction="column"
  gutterSize="none"
  responsive={false}
>
  <EuiFlexItem>
    <FilterByRectangle
      setDrawFilterProperties={[MockFunction]}
    />
  </EuiFlexItem>
  <EuiFlexItem>
    <FilterByPolygon
      setDrawFilterProperties={[MockFunction]}
    />
  </EuiFlexItem>
</EuiFlexGroup>
`;

exports[`renders spatial filter while drawing 1`] = `
<EuiFlexGroup
  alignItems="center"
  direction="column"
  gutterSize="none"
  responsive={false}
>
  <EuiFlexItem>
    <FilterByRectangle
      setDrawFilterProperties={[MockFunction]}
    />
  </EuiFlexItem>
  <EuiFlexItem>
    <FilterByPolygon
      setDrawFilterProperties={[MockFunction]}
    />
  </EuiFlexItem>
</EuiFlexGroup>
`;
