// Jest Snapshot v1, https://goo.gl/fbAQLP

exports[`renders filter by rectangle button 1`] = `
<EuiPopover
  anchorPosition="leftUp"
  button={
    <EuiPanel
      className="spatialFilterToolbar__shape"
      paddingSize="none"
    >
      <EuiButtonIcon
        aria-label="draw_filter_rectangle"
        aria-pressed={false}
        color="primary"
        display="empty"
        iconType="vector"
        isSelected={false}
        onClick={[Function]}
        size="s"
        title="Draw Rectangle"
      />
    </EuiPanel>
  }
  closePopover={[Function]}
  data-test-subj="drawRectanglePopOver"
  display="inlineBlock"
  hasArrow={true}
  id="drawRectangleId"
  isOpen={false}
  ownFocus={true}
  panelPaddingSize="none"
>
  <EuiContextMenu
    initialPanelId={0}
    panels={
      Array [
        Object {
          "content": <FilterInputPanel
            defaultFilterLabel="rectangle"
            drawLabel="Draw Rectangle"
            mode="rectangle"
            onSubmit={[Function]}
            relations={
              Array [
                "intersects",
                "disjoint",
                "within",
              ]
            }
          />,
          "id": 0,
          "title": "DRAW SHAPE",
        },
      ]
    }
    size="m"
  />
</EuiPopover>
`;

exports[`renders filter by rectangle in middle of drawing 1`] = `
<EuiPopover
  anchorPosition="leftUp"
  button={
    <EuiPanel
      className="spatialFilterToolbar__shape"
      paddingSize="none"
    >
      <EuiButtonIcon
        aria-label="draw_filter_rectangle"
        aria-pressed={false}
        color="primary"
        display="empty"
        iconType="vector"
        isSelected={false}
        onClick={[Function]}
        size="s"
        title="Draw Rectangle"
      />
    </EuiPanel>
  }
  closePopover={[Function]}
  data-test-subj="drawRectanglePopOver"
  display="inlineBlock"
  hasArrow={true}
  id="drawRectangleId"
  isOpen={false}
  ownFocus={true}
  panelPaddingSize="none"
>
  <EuiContextMenu
    initialPanelId={0}
    panels={
      Array [
        Object {
          "content": <FilterInputPanel
            defaultFilterLabel="rectangle"
            drawLabel="Draw Rectangle"
            mode="rectangle"
            onSubmit={[Function]}
            relations={
              Array [
                "intersects",
                "disjoint",
                "within",
              ]
            }
          />,
          "id": 0,
          "title": "DRAW SHAPE",
        },
      ]
    }
    size="m"
  />
</EuiPopover>
`;
